<?xml version="1.0" encoding="utf-8"?><testsuites><testsuite name="pytest" errors="0" failures="0" skipped="0" tests="115" time="27.565" timestamp="2024-10-22T13:42:40.941574+08:00" hostname="HMY-UM790PRO"><testcase classname="tests.github.publish.process.test_auto_merge" name="test_auto_merge_not_approve" time="2.284" /><testcase classname="tests.github.publish.process.test_auto_merge" name="test_auto_merge" time="5.866" /><testcase classname="tests.github.publish.process.test_auto_merge" name="test_auto_merge_not_publish" time="2.029" /><testcase classname="tests.github.publish.process.test_publish_check" name="test_adapter_process_publish_check" time="14.242" /><testcase classname="tests.github.publish.process.test_publish_check" name="test_edit_title_too_long" time="13.722" /><testcase classname="tests.github.publish.process.test_publish_check" name="test_comment_at_pull_request" time="2.983" /><testcase classname="tests.github.publish.process.test_publish_check" name="test_not_publish_issue" time="3.126" /><testcase classname="tests.github.publish.process.test_publish_check" name="test_convert_pull_request_to_draft" time="13.771" /><testcase classname="tests.github.publish.render.test_publish_render_data" name="test_render_data_adapter" time="1.467" /><testcase classname="tests.github.publish.process.test_publish_pull_request" name="test_process_pull_request_skip_plugin_test" time="8.086" /><testcase classname="tests.github.publish.process.test_publish_pull_request" name="test_process_pull_request" time="6.064" /><testcase classname="tests.github.publish.render.test_publish_render" name="test_render_reuse" time="1.471" /><testcase classname="tests.github.publish.process.test_publish_pull_request" name="test_extract_issue_number_from_ref_failed" time="2.283" /><testcase classname="tests.github.publish.render.test_publish_render_error" name="test_render_error_adapter" time="1.494" /><testcase classname="tests.github.publish.render.test_publish_render_data" name="test_render_data_plugin_supported_adapters" time="1.510" /><testcase classname="tests.github.publish.process.test_publish_check" name="test_skip_plugin_check" time="13.948" /><testcase classname="tests.github.publish.render.test_publish_render_data" name="test_render_data_plugin" time="0.015" /><testcase classname="tests.github.publish.render.test_publish_render_data" name="test_render_data_bot" time="0.026" /><testcase classname="tests.github.publish.render.test_publish_render_error" name="test_render_error_plugin" time="0.017" /><testcase classname="tests.github.publish.render.test_publish_render_error" name="test_render_error_plugin_load_test" time="0.040" /><testcase classname="tests.github.publish.render.test_publish_render_error" name="test_render_error_bot" time="0.044" /><testcase classname="tests.github.publish.render.test_publish_render_error" name="test_render_error_plugin_metadata" time="0.033" /><testcase classname="tests.github.publish.render.test_publish_render_error" name="test_render_error_tags_invalid" time="0.017" /><testcase classname="tests.github.publish.render.test_publish_render_error" name="test_render_http_error" time="0.016" /><testcase classname="tests.github.publish.render.test_publish_render_error" name="test_render_type_error" time="0.021" /><testcase classname="tests.github.publish.utils.test_ansi" name="test_strip_ansi" time="0.014" /><testcase classname="tests.github.publish.render.test_publish_render_error" name="test_render_unknown_error" time="0.018" /><testcase classname="tests.github.publish.utils.test_comment_issue" name="test_comment_issue" time="0.021" /><testcase classname="tests.github.publish.utils.test_comment_issue" name="test_comment_issue_reuse" time="0.020" /><testcase classname="tests.github.publish.utils.test_comment_issue" name="test_comment_issue_reuse_same" time="0.021" /><testcase classname="tests.github.publish.utils.test_ensure_issue_content" name="test_ensure_issue_content" time="0.040" /><testcase classname="tests.github.publish.utils.test_ensure_issue_content" name="test_ensure_issue_content_partial" time="0.018" /><testcase classname="tests.github.publish.utils.test_get_pull_requests_by_label" name="test_get_pull_requests_by_label_not_match" time="0.013" /><testcase classname="tests.github.publish.utils.test_ensure_issue_content" name="test_ensure_issue_content_complete" time="0.028" /><testcase classname="tests.github.publish.utils.test_extract" name="test_extract_name_from_title" time="0.021" /><testcase classname="tests.github.publish.utils.test_get_pull_requests_by_label" name="test_get_pull_requests_by_label" time="0.012" /><testcase classname="tests.github.publish.utils.test_get_type" name="test_get_type_by_title" time="0.014" /><testcase classname="tests.github.publish.utils.test_get_type" name="test_get_type_by_labels" time="0.013" /><testcase classname="tests.github.publish.utils.test_get_type" name="test_get_type_by_labels_wrong" time="0.013" /><testcase classname="tests.github.publish.utils.test_get_type" name="test_get_type_by_title_wrong" time="0.034" /><testcase classname="tests.github.publish.utils.test_get_type" name="test_get_type_by_commit_message" time="0.028" /><testcase classname="tests.github.publish.utils.test_get_type" name="test_get_type_by_commit_message_wrong" time="0.033" /><testcase classname="tests.github.publish.utils.test_publish_resolve_conflict_pull_requests" name="test_resolve_conflict_pull_requests_bot" time="0.106" /><testcase classname="tests.github.publish.utils.test_publish_resolve_conflict_pull_requests" name="test_resolve_conflict_pull_requests_adapter" time="0.108" /><testcase classname="tests.github.publish.utils.test_publish_resolve_conflict_pull_requests" name="test_resolve_conflict_pull_requests_plugin" time="0.112" /><testcase classname="tests.github.publish.utils.test_publish_resolve_conflict_pull_requests" name="test_resolve_conflict_pull_requests_draft" time="0.050" /><testcase classname="tests.github.publish.utils.test_trigger_registry_update" name="test_trigger_registry_update_skip_test" time="2.508" /><testcase classname="tests.github.publish.utils.test_publish_resolve_conflict_pull_requests" name="test_resolve_conflict_pull_requests_ref" time="0.031" /><testcase classname="tests.github.publish.utils.test_trigger_registry_update" name="test_trigger_registry_update" time="0.043" /><testcase classname="tests.github.publish.utils.test_re" name="test_missing_info" time="0.014" /><testcase classname="tests.github.publish.utils.test_trigger_registry_update" name="test_trigger_registry_update_plugins_issue_body_info_missing" time="0.016" /><testcase classname="tests.github.publish.utils.test_validate_info_from_issue" name="test_validate_info_from_issue_adapter" time="1.526" /><testcase classname="tests.github.publish.utils.test_validate_info_from_issue" name="test_validate_info_from_issue_bot" time="0.861" /><testcase classname="tests.github.publish.utils.test_trigger_registry_update" name="test_trigger_registry_update_validation_failed" time="2.608" /><testcase classname="tests.github.publish.process.test_auto_merge" name="test_auto_merge_not_member" time="0.039" /><testcase classname="tests.github.remove.process.test_remove_check" name="test_process_remove_author_eq_check" time="5.143" /><testcase classname="tests.github.publish.render.test_publish_render" name="test_render_empty" time="0.133" /><testcase classname="tests.github.publish.process.test_publish_check" name="test_bot_process_publish_check" time="12.088" /><testcase classname="tests.github.remove.process.test_remove_pull_request" name="test_not_remove" time="0.961" /><testcase classname="tests.github.remove.process.test_remove_check" name="test_process_remove_check" time="4.556" /><testcase classname="tests.github.publish.process.test_publish_check" name="test_issue_state_closed" time="8.493" /><testcase classname="tests.github.publish.process.test_publish_check" name="test_comment_by_self" time="0.045" /><testcase classname="tests.utils.store_test.test_store_test" name="test_store_test" time="6.433" /><testcase classname="tests.github.publish.utils.test_validate_info_from_issue" name="test_validate_info_from_issue_plugin" time="2.397" /><testcase classname="tests.github.remove.render.test_remove_render_data" name="test_render" time="0.036" /><testcase classname="tests.utils.store_test.test_store_test" name="test_store_test_with_key_not_in_previous" time="4.969" /><testcase classname="tests.github.publish.utils.test_trigger_registry_update" name="test_trigger_registry_update_bot" time="0.029" /><testcase classname="tests.utils.store_test.test_store_test" name="test_store_test_with_key_raise" time="4.889" /><testcase classname="tests.github.remove.process.test_remove_check" name="test_process_remove_not_found_check" time="4.173" /><testcase classname="tests.utils.store_test.test_store_test" name="test_store_test_with_key_skip" time="5.291" /><testcase classname="tests.github.publish.process.test_auto_merge" name="test_auto_merge_need_rebase" time="0.768" /><testcase classname="tests.github.publish.process.test_publish_pull_request" name="test_process_pull_request_not_merged" time="0.642" /><testcase classname="tests.utils.store_test.test_validate_plugin" name="test_validate_plugin_with_data" time="0.741" /><testcase classname="tests.utils.store_test.test_validate_plugin" name="test_validate_plugin_skip_test" time="2.637" /><testcase classname="tests.github.remove.process.test_remove_pull_request" name="test_remove_process_pull_request" time="3.134" /><testcase classname="tests.github.remove.render.test_remove_render_data" name="test_exception_author_info_no_eq" time="0.016" /><testcase classname="tests.utils.validation.fields.test_homepage" name="test_homepage_failed_http_exception" time="0.656" /><testcase classname="tests.utils.store_test.test_validate_plugin" name="test_validate_plugin_skip_test_plugin_test_failed" time="2.549" /><testcase classname="tests.utils.validation.fields.test_homepage" name="test_homepage_failed_empty_homepage" time="0.033" /><testcase classname="tests.utils.validation.fields.test_plugin_supported_adapters" name="test_plugin_supported_adapters_none" time="1.197" /><testcase classname="tests.github.publish.process.test_publish_pull_request" name="test_not_publish" time="0.023" /><testcase classname="tests.utils.validation.fields.test_plugin_supported_adapters" name="test_plugin_supported_adapters_json" time="1.232" /><testcase classname="tests.utils.store_test.test_store_test" name="test_store_test_raise" time="5.328" /><testcase classname="tests.utils.store_test.test_utils" name="test_get_pypi_data_failed" time="0.614" /><testcase classname="tests.utils.validation.fields.test_plugin_supported_adapters" name="test_plugin_supported_adapters_set" time="1.326" /><testcase classname="tests.utils.store_test.test_utils" name="test_load_json_failed" time="0.637" /><testcase classname="tests.utils.validation.fields.test_pypi" name="test_module_name_invalid" time="1.355" /><testcase classname="tests.utils.validation.fields.test_plugin_supported_adapters" name="test_plugin_supported_adapters_missing_adapters" time="1.981" /><testcase classname="tests.utils.store_test.test_validate_plugin" name="test_validate_plugin_failed" time="1.977" /><testcase classname="tests.utils.store_test.test_store_test" name="test_store_test_with_key" time="4.588" /><testcase classname="tests.utils.validation.fields.test_pypi" name="test_name_duplication_previos_data_missing" time="0.040" /><testcase classname="tests.utils.validation.fields.test_tags" name="test_tags_json_invalid" time="1.338" /><testcase classname="tests.utils.validation.fields.test_name" name="test_name_too_long" time="1.369" /><testcase classname="tests.utils.store_test.test_validate_plugin" name="test_validate_plugin_failed_with_previous" time="2.532" /><testcase classname="tests.utils.validation.fields.test_pypi" name="test_name_duplication" time="0.032" /><testcase classname="tests.utils.validation.test_adapter" name="test_adapter_info_validation_failed" time="1.317" /><testcase classname="tests.utils.validation.fields.test_tags" name="test_tags_color_missing" time="1.328" /><testcase classname="tests.utils.store_test.test_validate_plugin" name="test_validate_plugin" time="2.292" /><testcase classname="tests.utils.validation.fields.test_tags" name="test_tags_json_not_list" time="1.250" /><testcase classname="tests.utils.validation.fields.test_tags" name="test_tags_json_not_dict" time="1.277" /><testcase classname="tests.utils.validation.fields.test_tags" name="test_tags_color_invalid" time="1.300" /><testcase classname="tests.utils.validation.fields.test_tags" name="test_tags_label_invalid" time="1.262" /><testcase classname="tests.github.remove.render.test_remove_render_data" name="test_exception_package_not_found" time="0.037" /><testcase classname="tests.utils.validation.test_bot" name="test_bot_info_validation_success" time="0.628" /><testcase classname="tests.utils.validation.test_bot" name="test_bot_info_validation_failed" time="0.654" /><testcase classname="tests.utils.validation.test_plugin" name="test_plugin_info_validation_failed" time="1.505" /><testcase classname="tests.utils.validation.test_adapter" name="test_adapter_info_validation_success" time="0.935" /><testcase classname="tests.utils.validation.test_plugin" name="test_plugin_info_validation_success" time="0.987" /><testcase classname="tests.github.publish.process.test_publish_check" name="test_process_publish_check_not_pass" time="1.291" /><testcase classname="tests.utils.validation.fields.test_pypi" name="test_project_link_invalid" time="0.518" /><testcase classname="tests.github.publish.process.test_publish_check" name="test_process_publish_check_ready_for_review" time="1.283" /><testcase classname="tests.github.publish.process.test_publish_check" name="test_button_skip_publish_check" time="0.485" /><testcase classname="tests.utils.validation.fields.test_tags" name="test_tags_number_invalid" time="0.739" /><testcase classname="tests.github.publish.process.test_publish_check" name="test_edit_title" time="1.061" /><testcase classname="tests.github.remove.process.test_remove_pull_request" name="test_process_remove_pull_request_not_merged" time="1.928" /></testsuite></testsuites>